// Jest Snapshot v1, https://goo.gl/fbAQLP

exports[`JobUtil should return account if account number not defined 1`] = `"account"`;

exports[`JobUtil should successfully parse the file 1`] = `"fake"`;
